CREATE TRIGGER "order" BEFORE INSERT ON gdmmm.table_all FOR EACH ROW EXECUTE FUNCTION gdmmm.double_salary()
