                          get_ddl                           
------------------------------------------------------------
 CREATE INDEX perf_index ON gdmmm.table_all USING btree (c)
(1 row)

                                 get_ddl                                 
-------------------------------------------------------------------------
 ALTER TABLE gdmmm.table_all_child ADD CONSTRAINT child_uniq UNIQUE (id)
(1 row)

