                                          get_ddl                                           
--------------------------------------------------------------------------------------------
 CREATE TYPE gdmmm."Address" AS ( "City" character varying, loc gdmmm.location, pin bigint)
(1 row)

                                   get_ddl                                   
-----------------------------------------------------------------------------
 CREATE TYPE gdmmm.location AS ( lat double precision, lon double precision)
(1 row)

SET
                                       get_ddl                                        
--------------------------------------------------------------------------------------
 CREATE TYPE gdmmm."Address" AS ( "City" character varying, loc location, pin bigint)
(1 row)

                                   get_ddl                                   
-----------------------------------------------------------------------------
 CREATE TYPE gdmmm.location AS ( lat double precision, lon double precision)
(1 row)

