                                                     get_dependent_ddl                                                     
---------------------------------------------------------------------------------------------------------------------------
 CREATE TRIGGER trigger_double_salary BEFORE INSERT ON gdmmm.table_all FOR EACH ROW EXECUTE FUNCTION gdmmm.double_salary()+
                                                                                                                          +
 CREATE TRIGGER trigger_edit_text BEFORE INSERT ON gdmmm.table_all FOR EACH ROW EXECUTE FUNCTION gdmmm.edit_text()        +
                                                                                                                          +
 
(1 row)

